mode: atomic
github.com/SergioLacerda/strategist-skill/internal/embed/defaults.go:27.64,29.2 1 8
github.com/SergioLacerda/strategist-skill/internal/embed/defaults.go:33.61,35.16 2 3
github.com/SergioLacerda/strategist-skill/internal/embed/defaults.go:35.16,37.3 1 1
github.com/SergioLacerda/strategist-skill/internal/embed/defaults.go:38.2,38.18 1 2
github.com/SergioLacerda/strategist-skill/internal/embed/defaults.go:43.69,44.87 1 21
github.com/SergioLacerda/strategist-skill/internal/embed/defaults.go:44.87,46.3 1 5
github.com/SergioLacerda/strategist-skill/internal/embed/defaults.go:47.2,47.12 1 16
github.com/SergioLacerda/strategist-skill/internal/embed/defaults.go:50.79,51.59 1 21
github.com/SergioLacerda/strategist-skill/internal/embed/defaults.go:51.59,52.17 1 744
github.com/SergioLacerda/strategist-skill/internal/embed/defaults.go:52.17,54.4 1 1
github.com/SergioLacerda/strategist-skill/internal/embed/defaults.go:55.3,56.31 2 743
github.com/SergioLacerda/strategist-skill/internal/embed/defaults.go:56.31,58.4 1 21
github.com/SergioLacerda/strategist-skill/internal/embed/defaults.go:59.3,60.16 2 722
github.com/SergioLacerda/strategist-skill/internal/embed/defaults.go:60.16,61.54 1 171
github.com/SergioLacerda/strategist-skill/internal/embed/defaults.go:61.54,63.5 1 1
github.com/SergioLacerda/strategist-skill/internal/embed/defaults.go:64.4,64.14 1 170
github.com/SergioLacerda/strategist-skill/internal/embed/defaults.go:66.3,66.47 1 551
github.com/SergioLacerda/strategist-skill/internal/embed/defaults.go:73.68,75.20 2 551
github.com/SergioLacerda/strategist-skill/internal/embed/defaults.go:75.20,77.3 1 1
github.com/SergioLacerda/strategist-skill/internal/embed/defaults.go:78.2,78.66 1 550
github.com/SergioLacerda/strategist-skill/internal/embed/defaults.go:78.66,80.3 1 0
github.com/SergioLacerda/strategist-skill/internal/embed/defaults.go:81.2,81.12 1 550
github.com/SergioLacerda/strategist-skill/internal/embed/defaults.go:81.12,82.30 1 549
github.com/SergioLacerda/strategist-skill/internal/embed/defaults.go:82.30,84.4 1 2
github.com/SergioLacerda/strategist-skill/internal/embed/defaults.go:86.2,86.65 1 548
github.com/SergioLacerda/strategist-skill/internal/embed/defaults.go:86.65,88.3 1 2
github.com/SergioLacerda/strategist-skill/internal/embed/defaults.go:89.2,89.12 1 546
github.com/SergioLacerda/strategist-skill/internal/embed/defaults.go:94.53,96.16 2 550
github.com/SergioLacerda/strategist-skill/internal/embed/defaults.go:96.16,98.3 1 470
github.com/SergioLacerda/strategist-skill/internal/embed/defaults.go:99.2,99.59 1 80
