mode: set
github.com/SergioLacerda/strategist-skill/internal/handoff/artifact.go:26.2,27.1 1 1
github.com/SergioLacerda/strategist-skill/internal/handoff/artifact.go:34.2,35.1 1 1
github.com/SergioLacerda/strategist-skill/internal/handoff/artifact.go:38.2,39.16 2 1
github.com/SergioLacerda/strategist-skill/internal/handoff/artifact.go:40.3,41.1 1 1
github.com/SergioLacerda/strategist-skill/internal/handoff/artifact.go:42.2,43.16 2 1
github.com/SergioLacerda/strategist-skill/internal/handoff/artifact.go:44.3,45.1 1 0
github.com/SergioLacerda/strategist-skill/internal/handoff/artifact.go:46.2,46.75 1 1
github.com/SergioLacerda/strategist-skill/internal/handoff/artifact.go:47.3,48.1 1 1
github.com/SergioLacerda/strategist-skill/internal/handoff/artifact.go:49.2,49.60 1 1
github.com/SergioLacerda/strategist-skill/internal/handoff/artifact.go:50.3,51.1 1 1
github.com/SergioLacerda/strategist-skill/internal/handoff/artifact.go:52.2,52.49 1 1
github.com/SergioLacerda/strategist-skill/internal/handoff/artifact.go:53.3,53.33 1 1
github.com/SergioLacerda/strategist-skill/internal/handoff/artifact.go:54.4,55.1 1 1
github.com/SergioLacerda/strategist-skill/internal/handoff/artifact.go:57.2,57.12 1 1
github.com/SergioLacerda/strategist-skill/internal/handoff/artifact.go:65.2,66.16 2 1
github.com/SergioLacerda/strategist-skill/internal/handoff/artifact.go:67.3,68.1 1 1
github.com/SergioLacerda/strategist-skill/internal/handoff/artifact.go:69.2,69.67 1 1
github.com/SergioLacerda/strategist-skill/internal/handoff/artifact.go:77.2,78.16 2 1
github.com/SergioLacerda/strategist-skill/internal/handoff/artifact.go:79.3,80.1 1 1
github.com/SergioLacerda/strategist-skill/internal/handoff/artifact.go:81.2,81.87 1 1
github.com/SergioLacerda/strategist-skill/internal/handoff/artifact.go:89.2,90.75 2 1
github.com/SergioLacerda/strategist-skill/internal/handoff/artifact.go:91.3,92.1 1 1
github.com/SergioLacerda/strategist-skill/internal/handoff/artifact.go:93.2,93.56 1 1
github.com/SergioLacerda/strategist-skill/internal/handoff/artifact.go:94.3,95.1 1 1
github.com/SergioLacerda/strategist-skill/internal/handoff/artifact.go:96.2,97.16 2 1
github.com/SergioLacerda/strategist-skill/internal/handoff/artifact.go:98.3,99.1 1 0
github.com/SergioLacerda/strategist-skill/internal/handoff/artifact.go:100.2,100.59 1 1
github.com/SergioLacerda/strategist-skill/internal/handoff/artifact.go:101.3,102.1 1 0
github.com/SergioLacerda/strategist-skill/internal/handoff/artifact.go:103.2,103.12 1 1
github.com/SergioLacerda/strategist-skill/internal/handoff/artifact.go:107.2,108.16 2 1
github.com/SergioLacerda/strategist-skill/internal/handoff/artifact.go:109.3,110.1 1 1
github.com/SergioLacerda/strategist-skill/internal/handoff/artifact.go:111.2,112.16 2 1
github.com/SergioLacerda/strategist-skill/internal/handoff/artifact.go:113.3,114.1 1 1
github.com/SergioLacerda/strategist-skill/internal/handoff/artifact.go:115.2,117.17 1 1
github.com/SergioLacerda/strategist-skill/internal/handoff/artifact.go:118.3,119.1 1 0
github.com/SergioLacerda/strategist-skill/internal/handoff/artifact.go:120.2,120.12 1 1
github.com/SergioLacerda/strategist-skill/internal/handoff/artifact.go:124.2,124.72 1 1
github.com/SergioLacerda/strategist-skill/internal/handoff/artifact.go:125.3,126.17 2 1
github.com/SergioLacerda/strategist-skill/internal/handoff/artifact.go:127.4,128.1 1 1
github.com/SergioLacerda/strategist-skill/internal/handoff/artifact.go:129.3,129.41 1 1
github.com/SergioLacerda/strategist-skill/internal/handoff/artifact.go:130.4,131.1 1 0
github.com/SergioLacerda/strategist-skill/internal/handoff/artifact.go:133.2,133.12 1 1
github.com/SergioLacerda/strategist-skill/internal/handoff/artifact.go:137.2,138.16 2 1
github.com/SergioLacerda/strategist-skill/internal/handoff/artifact.go:139.3,140.1 1 1
github.com/SergioLacerda/strategist-skill/internal/handoff/artifact.go:141.2,141.19 1 1
github.com/SergioLacerda/strategist-skill/internal/handoff/artifact_validation.go:13.2,14.16 2 1
github.com/SergioLacerda/strategist-skill/internal/handoff/artifact_validation.go:15.3,16.1 1 1
github.com/SergioLacerda/strategist-skill/internal/handoff/artifact_validation.go:17.2,17.40 1 1
github.com/SergioLacerda/strategist-skill/internal/handoff/artifact_validation.go:18.3,19.1 1 1
github.com/SergioLacerda/strategist-skill/internal/handoff/artifact_validation.go:20.2,20.21 1 1
github.com/SergioLacerda/strategist-skill/internal/handoff/artifact_validation.go:24.2,25.48 2 1
github.com/SergioLacerda/strategist-skill/internal/handoff/artifact_validation.go:26.3,27.1 1 1
github.com/SergioLacerda/strategist-skill/internal/handoff/artifact_validation.go:28.2,29.17 2 1
github.com/SergioLacerda/strategist-skill/internal/handoff/artifact_validation.go:30.3,31.1 1 1
github.com/SergioLacerda/strategist-skill/internal/handoff/artifact_validation.go:32.2,34.73 3 1
github.com/SergioLacerda/strategist-skill/internal/handoff/artifact_validation.go:35.3,36.1 1 1
github.com/SergioLacerda/strategist-skill/internal/handoff/artifact_validation.go:37.2,37.46 1 1
github.com/SergioLacerda/strategist-skill/internal/handoff/artifact_validation.go:41.2,42.9 2 1
github.com/SergioLacerda/strategist-skill/internal/handoff/artifact_validation.go:43.3,44.1 1 1
github.com/SergioLacerda/strategist-skill/internal/handoff/artifact_validation.go:45.2,45.68 1 1
github.com/SergioLacerda/strategist-skill/internal/handoff/artifact_validation.go:46.3,47.1 1 1
github.com/SergioLacerda/strategist-skill/internal/handoff/artifact_validation.go:48.2,49.9 2 1
github.com/SergioLacerda/strategist-skill/internal/handoff/artifact_validation.go:50.3,51.1 1 1
github.com/SergioLacerda/strategist-skill/internal/handoff/artifact_validation.go:52.2,52.35 1 1
github.com/SergioLacerda/strategist-skill/internal/handoff/artifact_validation.go:53.3,53.24 1 1
github.com/SergioLacerda/strategist-skill/internal/handoff/artifact_validation.go:54.4,55.1 1 1
github.com/SergioLacerda/strategist-skill/internal/handoff/artifact_validation.go:57.2,57.79 1 1
github.com/SergioLacerda/strategist-skill/internal/handoff/artifact_validation.go:61.2,62.57 2 1
github.com/SergioLacerda/strategist-skill/internal/handoff/artifact_validation.go:63.3,63.38 1 1
github.com/SergioLacerda/strategist-skill/internal/handoff/artifact_validation.go:64.4,65.1 1 1
github.com/SergioLacerda/strategist-skill/internal/handoff/artifact_validation.go:67.2,67.14 1 1
github.com/SergioLacerda/strategist-skill/internal/handoff/artifact_validation.go:71.2,73.58 3 1
github.com/SergioLacerda/strategist-skill/internal/handoff/artifact_validation.go:74.3,75.39 2 1
github.com/SergioLacerda/strategist-skill/internal/handoff/artifact_validation.go:76.4,76.12 1 1
github.com/SergioLacerda/strategist-skill/internal/handoff/artifact_validation.go:78.3,79.35 2 1
github.com/SergioLacerda/strategist-skill/internal/handoff/artifact_validation.go:80.4,81.1 1 1
github.com/SergioLacerda/strategist-skill/internal/handoff/artifact_validation.go:83.2,83.11 1 1
github.com/SergioLacerda/strategist-skill/internal/handoff/artifact_validation.go:84.3,85.1 1 1
github.com/SergioLacerda/strategist-skill/internal/handoff/artifact_validation.go:86.2,86.12 1 1
github.com/SergioLacerda/strategist-skill/internal/handoff/artifact_validation.go:94.2,94.53 1 1
github.com/SergioLacerda/strategist-skill/internal/handoff/artifact_validation.go:95.3,95.114 1 1
github.com/SergioLacerda/strategist-skill/internal/handoff/artifact_validation.go:96.4,97.1 1 1
github.com/SergioLacerda/strategist-skill/internal/handoff/artifact_validation.go:99.2,99.14 1 1
github.com/SergioLacerda/strategist-skill/internal/handoff/challenge_policy.go:38.2,47.1 9 1
github.com/SergioLacerda/strategist-skill/internal/handoff/challenge_policy.go:63.2,65.69 3 1
github.com/SergioLacerda/strategist-skill/internal/handoff/challenge_policy.go:66.3,67.1 1 1
github.com/SergioLacerda/strategist-skill/internal/handoff/challenge_policy.go:68.2,68.13 1 1
github.com/SergioLacerda/strategist-skill/internal/handoff/challenge_policy.go:74.2,76.40 3 1
github.com/SergioLacerda/strategist-skill/internal/handoff/challenge_policy.go:77.3,77.57 1 1
github.com/SergioLacerda/strategist-skill/internal/handoff/challenge_policy.go:78.4,79.1 1 1
github.com/SergioLacerda/strategist-skill/internal/handoff/challenge_policy.go:80.3,80.37 1 1
github.com/SergioLacerda/strategist-skill/internal/handoff/challenge_policy.go:82.2,82.25 1 1
github.com/SergioLacerda/strategist-skill/internal/handoff/challenge_policy.go:88.2,89.37 2 1
github.com/SergioLacerda/strategist-skill/internal/handoff/challenge_policy.go:90.3,90.57 1 1
github.com/SergioLacerda/strategist-skill/internal/handoff/challenge_policy.go:91.4,92.1 1 1
github.com/SergioLacerda/strategist-skill/internal/handoff/challenge_policy.go:93.3,93.41 1 1
github.com/SergioLacerda/strategist-skill/internal/handoff/challenge_policy.go:94.4,95.1 1 1
github.com/SergioLacerda/strategist-skill/internal/handoff/challenge_policy.go:97.2,97.13 1 1
github.com/SergioLacerda/strategist-skill/internal/handoff/challenge_policy.go:104.2,105.31 2 1
github.com/SergioLacerda/strategist-skill/internal/handoff/challenge_policy.go:106.3,106.49 1 1
github.com/SergioLacerda/strategist-skill/internal/handoff/challenge_policy.go:107.4,107.12 1 1
github.com/SergioLacerda/strategist-skill/internal/handoff/challenge_policy.go:109.3,109.115 1 1
github.com/SergioLacerda/strategist-skill/internal/handoff/challenge_policy.go:110.4,110.12 1 1
github.com/SergioLacerda/strategist-skill/internal/handoff/challenge_policy.go:112.3,113.78 1 1
github.com/SergioLacerda/strategist-skill/internal/handoff/challenge_policy.go:115.2,115.13 1 1
github.com/SergioLacerda/strategist-skill/internal/handoff/challenge_policy.go:119.2,119.22 1 1
github.com/SergioLacerda/strategist-skill/internal/handoff/challenge_policy.go:120.3,121.1 1 1
github.com/SergioLacerda/strategist-skill/internal/handoff/challenge_policy.go:122.2,122.65 1 1
github.com/SergioLacerda/strategist-skill/internal/handoff/challenge_policy.go:123.3,124.1 1 1
github.com/SergioLacerda/strategist-skill/internal/handoff/challenge_policy.go:125.2,125.12 1 1
github.com/SergioLacerda/strategist-skill/internal/handoff/challenge_policy.go:129.2,129.44 1 1
github.com/SergioLacerda/strategist-skill/internal/handoff/challenge_policy.go:130.3,131.1 1 1
github.com/SergioLacerda/strategist-skill/internal/handoff/challenge_policy.go:132.2,132.12 1 1
github.com/SergioLacerda/strategist-skill/internal/handoff/challenge_policy.go:136.2,138.28 3 1
github.com/SergioLacerda/strategist-skill/internal/handoff/challenge_policy.go:139.3,139.20 1 1
github.com/SergioLacerda/strategist-skill/internal/handoff/challenge_policy.go:140.4,141.1 1 1
github.com/SergioLacerda/strategist-skill/internal/handoff/challenge_policy.go:143.2,143.13 1 1
github.com/SergioLacerda/strategist-skill/internal/handoff/challenge_policy.go:147.2,147.21 1 1
github.com/SergioLacerda/strategist-skill/internal/handoff/challenge_policy.go:148.3,149.1 1 1
github.com/SergioLacerda/strategist-skill/internal/handoff/challenge_policy.go:150.2,150.12 1 1
github.com/SergioLacerda/strategist-skill/internal/handoff/challenge_policy.go:154.2,154.68 1 1
github.com/SergioLacerda/strategist-skill/internal/handoff/challenge_policy.go:155.3,156.1 1 1
github.com/SergioLacerda/strategist-skill/internal/handoff/challenge_policy.go:157.2,157.12 1 1
github.com/SergioLacerda/strategist-skill/internal/handoff/facts.go:36.2,37.23 2 1
github.com/SergioLacerda/strategist-skill/internal/handoff/facts.go:38.3,39.1 1 1
github.com/SergioLacerda/strategist-skill/internal/handoff/facts.go:40.2,41.16 2 1
github.com/SergioLacerda/strategist-skill/internal/handoff/facts.go:42.3,43.1 1 0
github.com/SergioLacerda/strategist-skill/internal/handoff/facts.go:44.2,47.47 4 1
github.com/SergioLacerda/strategist-skill/internal/handoff/facts.go:48.3,49.1 1 1
github.com/SergioLacerda/strategist-skill/internal/handoff/facts.go:50.2,50.41 1 1
github.com/SergioLacerda/strategist-skill/internal/handoff/facts.go:51.3,52.1 1 1
github.com/SergioLacerda/strategist-skill/internal/handoff/facts.go:53.2,53.19 1 1
github.com/SergioLacerda/strategist-skill/internal/handoff/facts.go:57.2,57.49 1 1
github.com/SergioLacerda/strategist-skill/internal/handoff/facts.go:58.3,59.1 1 1
github.com/SergioLacerda/strategist-skill/internal/handoff/facts.go:60.2,63.1 3 1
github.com/SergioLacerda/strategist-skill/internal/handoff/facts.go:64.2,67.1 3 1
github.com/SergioLacerda/strategist-skill/internal/handoff/facts.go:68.2,68.56 3 1
github.com/SergioLacerda/strategist-skill/internal/handoff/facts.go:69.3,69.36 1 1
github.com/SergioLacerda/strategist-skill/internal/handoff/facts.go:70.4,70.16 1 1
github.com/SergioLacerda/strategist-skill/internal/handoff/facts.go:71.5,72.1 1 1
github.com/SergioLacerda/strategist-skill/internal/handoff/facts.go:75.2,75.12 1 1
github.com/SergioLacerda/strategist-skill/internal/handoff/metadata.go:26.2,28.16 3 1
github.com/SergioLacerda/strategist-skill/internal/handoff/metadata.go:29.3,30.1 1 1
github.com/SergioLacerda/strategist-skill/internal/handoff/metadata.go:31.2,32.16 2 1
github.com/SergioLacerda/strategist-skill/internal/handoff/metadata.go:33.3,34.1 1 0
github.com/SergioLacerda/strategist-skill/internal/handoff/metadata.go:35.2,35.56 1 1
github.com/SergioLacerda/strategist-skill/internal/handoff/metadata.go:36.3,37.17 2 1
github.com/SergioLacerda/strategist-skill/internal/handoff/metadata.go:38.4,39.1 1 0
github.com/SergioLacerda/strategist-skill/internal/handoff/metadata.go:40.3,40.30 1 1
github.com/SergioLacerda/strategist-skill/internal/handoff/metadata.go:42.2,43.16 2 1
github.com/SergioLacerda/strategist-skill/internal/handoff/metadata.go:44.3,45.1 1 1
github.com/SergioLacerda/strategist-skill/internal/handoff/metadata.go:46.2,47.16 2 1
github.com/SergioLacerda/strategist-skill/internal/handoff/metadata.go:48.3,49.1 1 0
github.com/SergioLacerda/strategist-skill/internal/handoff/metadata.go:50.2,51.33 2 1
github.com/SergioLacerda/strategist-skill/internal/handoff/metadata.go:55.2,56.62 2 1
github.com/SergioLacerda/strategist-skill/internal/handoff/metadata.go:57.3,58.61 2 1
github.com/SergioLacerda/strategist-skill/internal/handoff/metadata.go:59.4,59.12 1 1
github.com/SergioLacerda/strategist-skill/internal/handoff/metadata.go:61.3,62.10 2 1
github.com/SergioLacerda/strategist-skill/internal/handoff/metadata.go:63.4,63.12 1 1
github.com/SergioLacerda/strategist-skill/internal/handoff/metadata.go:65.3,66.17 2 1
github.com/SergioLacerda/strategist-skill/internal/handoff/metadata.go:67.4,68.1 1 1
github.com/SergioLacerda/strategist-skill/internal/handoff/metadata.go:69.3,69.30 1 1
github.com/SergioLacerda/strategist-skill/internal/handoff/metadata.go:71.2,71.19 1 1
github.com/SergioLacerda/strategist-skill/internal/handoff/metadata.go:75.2,76.16 2 1
github.com/SergioLacerda/strategist-skill/internal/handoff/metadata.go:77.3,78.1 1 0
github.com/SergioLacerda/strategist-skill/internal/handoff/metadata.go:79.2,81.1 2 1
github.com/SergioLacerda/strategist-skill/internal/handoff/metadata.go:82.2,82.55 2 1
github.com/SergioLacerda/strategist-skill/internal/handoff/metadata.go:83.3,84.1 1 1
github.com/SergioLacerda/strategist-skill/internal/handoff/metadata.go:85.2,85.39 1 1
github.com/SergioLacerda/strategist-skill/internal/handoff/metadata.go:89.2,89.21 1 1
github.com/SergioLacerda/strategist-skill/internal/handoff/metadata.go:90.3,91.1 1 1
github.com/SergioLacerda/strategist-skill/internal/handoff/metadata.go:92.2,93.33 2 1
github.com/SergioLacerda/strategist-skill/internal/handoff/metadata.go:94.3,94.87 1 1
github.com/SergioLacerda/strategist-skill/internal/handoff/metadata.go:95.4,96.1 1 1
github.com/SergioLacerda/strategist-skill/internal/handoff/metadata.go:97.3,97.117 1 1
github.com/SergioLacerda/strategist-skill/internal/handoff/metadata.go:99.2,99.21 1 1
github.com/SergioLacerda/strategist-skill/internal/handoff/metadata.go:103.2,103.14 1 1
github.com/SergioLacerda/strategist-skill/internal/handoff/metadata.go:104.3,105.1 1 1
github.com/SergioLacerda/strategist-skill/internal/handoff/metadata.go:106.2,106.10 1 1
github.com/SergioLacerda/strategist-skill/internal/handoff/metadata.go:109.33,109.74 1 1
github.com/SergioLacerda/strategist-skill/internal/handoff/metadata.go:115.2,115.14 1 1
github.com/SergioLacerda/strategist-skill/internal/handoff/metadata.go:116.3,117.1 1 1
github.com/SergioLacerda/strategist-skill/internal/handoff/metadata.go:118.2,118.50 1 1
github.com/SergioLacerda/strategist-skill/internal/handoff/metadata.go:119.3,120.1 1 1
github.com/SergioLacerda/strategist-skill/internal/handoff/metadata.go:121.2,121.48 1 1
github.com/SergioLacerda/strategist-skill/internal/handoff/metadata.go:122.3,123.1 1 1
github.com/SergioLacerda/strategist-skill/internal/handoff/metadata.go:124.2,124.12 1 1
github.com/SergioLacerda/strategist-skill/internal/handoff/outcome.go:34.2,39.1 1 1
github.com/SergioLacerda/strategist-skill/internal/handoff/outcome.go:70.2,71.23 2 1
github.com/SergioLacerda/strategist-skill/internal/handoff/outcome.go:72.3,73.1 1 1
github.com/SergioLacerda/strategist-skill/internal/handoff/outcome.go:74.2,74.42 1 1
github.com/SergioLacerda/strategist-skill/internal/handoff/outcome.go:75.3,76.1 1 1
github.com/SergioLacerda/strategist-skill/internal/handoff/outcome.go:77.2,78.16 2 1
github.com/SergioLacerda/strategist-skill/internal/handoff/outcome.go:79.3,80.1 1 0
github.com/SergioLacerda/strategist-skill/internal/handoff/outcome.go:81.2,82.15 2 1
github.com/SergioLacerda/strategist-skill/internal/handoff/outcome.go:86.2,88.16 3 1
github.com/SergioLacerda/strategist-skill/internal/handoff/outcome.go:89.3,90.1 1 0
github.com/SergioLacerda/strategist-skill/internal/handoff/outcome.go:91.2,91.58 1 1
github.com/SergioLacerda/strategist-skill/internal/handoff/outcome.go:96.2,97.16 2 1
github.com/SergioLacerda/strategist-skill/internal/handoff/outcome.go:98.3,99.1 1 0
github.com/SergioLacerda/strategist-skill/internal/handoff/outcome.go:100.2,100.46 1 1
github.com/SergioLacerda/strategist-skill/internal/handoff/outcome.go:101.3,102.1 1 1
github.com/SergioLacerda/strategist-skill/internal/handoff/outcome.go:103.2,103.12 1 1
github.com/SergioLacerda/strategist-skill/internal/handoff/outcome.go:107.2,107.9 1 1
github.com/SergioLacerda/strategist-skill/internal/handoff/outcome.go:109.3,109.117 1 1
github.com/SergioLacerda/strategist-skill/internal/handoff/outcome.go:111.3,111.92 1 1
github.com/SergioLacerda/strategist-skill/internal/handoff/outcome.go:113.3,113.77 1 1
github.com/SergioLacerda/strategist-skill/internal/handoff/outcome.go:115.3,115.101 1 1
github.com/SergioLacerda/strategist-skill/internal/handoff/outcome.go:117.3,117.97 1 1
github.com/SergioLacerda/strategist-skill/internal/handoff/outcome.go:119.2,119.12 1 1
github.com/SergioLacerda/strategist-skill/internal/handoff/outcome.go:123.2,124.1 1 1
github.com/SergioLacerda/strategist-skill/internal/handoff/outcome_authorize.go:21.2,22.16 2 1
github.com/SergioLacerda/strategist-skill/internal/handoff/outcome_authorize.go:23.3,24.1 1 0
github.com/SergioLacerda/strategist-skill/internal/handoff/outcome_authorize.go:25.2,26.36 2 1
github.com/SergioLacerda/strategist-skill/internal/handoff/outcome_authorize.go:27.3,28.1 1 1
github.com/SergioLacerda/strategist-skill/internal/handoff/outcome_authorize.go:29.2,29.16 1 1
github.com/SergioLacerda/strategist-skill/internal/handoff/outcome_authorize.go:30.3,31.1 1 1
github.com/SergioLacerda/strategist-skill/internal/handoff/outcome_authorize.go:32.2,33.53 2 1
github.com/SergioLacerda/strategist-skill/internal/handoff/outcome_authorize.go:34.3,35.1 1 1
github.com/SergioLacerda/strategist-skill/internal/handoff/outcome_authorize.go:36.2,36.51 1 1
github.com/SergioLacerda/strategist-skill/internal/handoff/outcome_authorize.go:42.2,43.16 2 1
github.com/SergioLacerda/strategist-skill/internal/handoff/outcome_authorize.go:44.3,45.1 1 1
github.com/SergioLacerda/strategist-skill/internal/handoff/outcome_authorize.go:46.2,47.16 2 1
github.com/SergioLacerda/strategist-skill/internal/handoff/outcome_authorize.go:48.3,49.1 1 0
github.com/SergioLacerda/strategist-skill/internal/handoff/outcome_authorize.go:50.2,50.76 1 1
github.com/SergioLacerda/strategist-skill/internal/handoff/outcome_authorize.go:51.3,52.1 1 1
github.com/SergioLacerda/strategist-skill/internal/handoff/outcome_authorize.go:53.2,53.12 1 1
github.com/SergioLacerda/strategist-skill/internal/handoff/outcome_authorize.go:70.2,71.16 2 1
github.com/SergioLacerda/strategist-skill/internal/handoff/outcome_authorize.go:72.3,73.1 1 1
github.com/SergioLacerda/strategist-skill/internal/handoff/outcome_authorize.go:74.2,74.57 1 1
github.com/SergioLacerda/strategist-skill/internal/handoff/outcome_authorize.go:75.3,76.1 1 1
github.com/SergioLacerda/strategist-skill/internal/handoff/outcome_authorize.go:77.2,78.16 2 1
github.com/SergioLacerda/strategist-skill/internal/handoff/outcome_authorize.go:79.3,80.1 1 0
github.com/SergioLacerda/strategist-skill/internal/handoff/outcome_authorize.go:81.2,81.14 1 1
github.com/SergioLacerda/strategist-skill/internal/handoff/outcome_authorize.go:82.3,83.1 1 1
github.com/SergioLacerda/strategist-skill/internal/handoff/outcome_authorize.go:84.2,84.21 1 1
github.com/SergioLacerda/strategist-skill/internal/handoff/outcome_authorize.go:88.2,88.9 1 1
github.com/SergioLacerda/strategist-skill/internal/handoff/outcome_authorize.go:90.3,90.128 1 1
github.com/SergioLacerda/strategist-skill/internal/handoff/outcome_authorize.go:92.3,92.135 1 1
github.com/SergioLacerda/strategist-skill/internal/handoff/outcome_authorize.go:94.3,94.200 1 1
github.com/SergioLacerda/strategist-skill/internal/handoff/outcome_authorize.go:96.3,96.113 1 1
github.com/SergioLacerda/strategist-skill/internal/handoff/outcome_authorize.go:98.2,98.24 1 1
github.com/SergioLacerda/strategist-skill/internal/handoff/outcome_authorize.go:100.3,100.13 1 1
github.com/SergioLacerda/strategist-skill/internal/handoff/outcome_authorize.go:102.3,102.28 1 1
github.com/SergioLacerda/strategist-skill/internal/handoff/outcome_authorize.go:103.4,104.1 1 1
github.com/SergioLacerda/strategist-skill/internal/handoff/outcome_authorize.go:105.3,105.13 1 1
github.com/SergioLacerda/strategist-skill/internal/handoff/outcome_authorize.go:107.3,107.152 1 1
github.com/SergioLacerda/strategist-skill/internal/handoff/outcome_authorize.go:109.3,109.103 1 1
github.com/SergioLacerda/strategist-skill/internal/handoff/outcome_store.go:26.2,26.58 1 1
github.com/SergioLacerda/strategist-skill/internal/handoff/outcome_store.go:26.60,26.85 1 1
github.com/SergioLacerda/strategist-skill/internal/handoff/outcome_store.go:30.2,30.20 1 1
github.com/SergioLacerda/strategist-skill/internal/handoff/outcome_store.go:31.3,32.1 1 1
github.com/SergioLacerda/strategist-skill/internal/handoff/outcome_store.go:33.2,33.24 1 1
github.com/SergioLacerda/strategist-skill/internal/handoff/outcome_store.go:37.2,37.18 1 1
github.com/SergioLacerda/strategist-skill/internal/handoff/outcome_store.go:38.3,39.1 1 1
github.com/SergioLacerda/strategist-skill/internal/handoff/outcome_store.go:40.2,40.102 1 1
github.com/SergioLacerda/strategist-skill/internal/handoff/outcome_store.go:41.3,42.1 1 1
github.com/SergioLacerda/strategist-skill/internal/handoff/outcome_store.go:43.2,43.69 1 1
github.com/SergioLacerda/strategist-skill/internal/handoff/outcome_store.go:46.40,46.90 1 1
github.com/SergioLacerda/strategist-skill/internal/handoff/outcome_store.go:50.2,51.16 2 1
github.com/SergioLacerda/strategist-skill/internal/handoff/outcome_store.go:52.3,53.1 1 1
github.com/SergioLacerda/strategist-skill/internal/handoff/outcome_store.go:54.2,54.24 1 1
github.com/SergioLacerda/strategist-skill/internal/handoff/outcome_store.go:55.3,56.1 1 1
github.com/SergioLacerda/strategist-skill/internal/handoff/outcome_store.go:57.2,57.43 1 1
github.com/SergioLacerda/strategist-skill/internal/handoff/outcome_store.go:61.2,62.16 2 1
github.com/SergioLacerda/strategist-skill/internal/handoff/outcome_store.go:63.3,64.1 1 1
github.com/SergioLacerda/strategist-skill/internal/handoff/outcome_store.go:65.2,66.36 2 1
github.com/SergioLacerda/strategist-skill/internal/handoff/outcome_store.go:67.3,68.1 1 1
github.com/SergioLacerda/strategist-skill/internal/handoff/outcome_store.go:69.2,69.16 1 1
github.com/SergioLacerda/strategist-skill/internal/handoff/outcome_store.go:70.3,71.1 1 1
github.com/SergioLacerda/strategist-skill/internal/handoff/outcome_store.go:72.2,72.32 1 1
github.com/SergioLacerda/strategist-skill/internal/handoff/outcome_store.go:79.2,80.32 2 1
github.com/SergioLacerda/strategist-skill/internal/handoff/outcome_store.go:81.3,82.17 2 1
github.com/SergioLacerda/strategist-skill/internal/handoff/outcome_store.go:83.4,84.1 1 1
github.com/SergioLacerda/strategist-skill/internal/handoff/outcome_store.go:85.3,85.16 1 1
github.com/SergioLacerda/strategist-skill/internal/handoff/outcome_store.go:86.4,87.1 1 1
github.com/SergioLacerda/strategist-skill/internal/handoff/outcome_store.go:89.2,90.22 2 1
github.com/SergioLacerda/strategist-skill/internal/handoff/outcome_store.go:94.2,95.9 2 1
github.com/SergioLacerda/strategist-skill/internal/handoff/outcome_store.go:96.3,97.1 1 1
github.com/SergioLacerda/strategist-skill/internal/handoff/outcome_store.go:98.2,99.30 2 1
github.com/SergioLacerda/strategist-skill/internal/handoff/outcome_store.go:100.3,101.1 1 1
github.com/SergioLacerda/strategist-skill/internal/handoff/outcome_store.go:102.2,102.26 1 1
github.com/SergioLacerda/strategist-skill/internal/handoff/outcome_store.go:109.2,110.16 2 1
github.com/SergioLacerda/strategist-skill/internal/handoff/outcome_store.go:111.3,112.1 1 1
github.com/SergioLacerda/strategist-skill/internal/handoff/outcome_store.go:113.2,114.16 2 1
github.com/SergioLacerda/strategist-skill/internal/handoff/outcome_store.go:115.3,116.1 1 1
github.com/SergioLacerda/strategist-skill/internal/handoff/outcome_store.go:117.2,117.28 1 1
github.com/SergioLacerda/strategist-skill/internal/handoff/outcome_store.go:118.3,119.1 1 1
github.com/SergioLacerda/strategist-skill/internal/handoff/outcome_store.go:120.2,121.16 2 1
github.com/SergioLacerda/strategist-skill/internal/handoff/outcome_store.go:122.3,123.1 1 0
github.com/SergioLacerda/strategist-skill/internal/handoff/outcome_store.go:124.2,125.16 2 1
github.com/SergioLacerda/strategist-skill/internal/handoff/outcome_store.go:126.3,127.1 1 0
github.com/SergioLacerda/strategist-skill/internal/handoff/outcome_store.go:128.2,128.91 1 1
github.com/SergioLacerda/strategist-skill/internal/handoff/outcome_store.go:129.3,130.1 1 1
github.com/SergioLacerda/strategist-skill/internal/handoff/outcome_store.go:131.2,131.20 1 1
github.com/SergioLacerda/strategist-skill/internal/handoff/outcome_store.go:137.2,137.48 1 1
github.com/SergioLacerda/strategist-skill/internal/handoff/outcome_store.go:138.3,139.1 1 0
github.com/SergioLacerda/strategist-skill/internal/handoff/outcome_store.go:140.2,141.16 2 1
github.com/SergioLacerda/strategist-skill/internal/handoff/outcome_store.go:142.3,143.1 1 1
github.com/SergioLacerda/strategist-skill/internal/handoff/outcome_store.go:144.2,145.111 2 1
github.com/SergioLacerda/strategist-skill/internal/handoff/outcome_store.go:146.3,147.1 1 0
github.com/SergioLacerda/strategist-skill/internal/handoff/outcome_store.go:148.2,148.20 1 1
github.com/SergioLacerda/strategist-skill/internal/handoff/outcome_store.go:149.3,150.1 1 1
github.com/SergioLacerda/strategist-skill/internal/handoff/outcome_store.go:151.2,151.12 1 1
github.com/SergioLacerda/strategist-skill/internal/handoff/outcome_store.go:155.2,156.16 2 1
github.com/SergioLacerda/strategist-skill/internal/handoff/outcome_store.go:157.3,158.1 1 1
github.com/SergioLacerda/strategist-skill/internal/handoff/outcome_store.go:159.2,159.47 1 1
github.com/SergioLacerda/strategist-skill/internal/handoff/outcome_store.go:160.3,163.1 3 0
github.com/SergioLacerda/strategist-skill/internal/handoff/outcome_store.go:164.2,164.37 1 1
github.com/SergioLacerda/strategist-skill/internal/handoff/outcome_store.go:165.3,167.1 2 0
github.com/SergioLacerda/strategist-skill/internal/handoff/outcome_store.go:168.2,168.25 1 1
github.com/SergioLacerda/strategist-skill/internal/handoff/outcome_store.go:174.2,175.16 2 1
github.com/SergioLacerda/strategist-skill/internal/handoff/outcome_store.go:176.3,177.1 1 1
github.com/SergioLacerda/strategist-skill/internal/handoff/outcome_store.go:178.2,178.24 1 1
github.com/SergioLacerda/strategist-skill/internal/handoff/outcome_store.go:179.3,180.1 1 1
github.com/SergioLacerda/strategist-skill/internal/handoff/outcome_store.go:181.2,182.16 2 1
github.com/SergioLacerda/strategist-skill/internal/handoff/outcome_store.go:183.3,184.1 1 0
github.com/SergioLacerda/strategist-skill/internal/handoff/outcome_store.go:185.2,186.16 2 1
github.com/SergioLacerda/strategist-skill/internal/handoff/outcome_store.go:187.3,188.1 1 0
github.com/SergioLacerda/strategist-skill/internal/handoff/outcome_store.go:189.2,190.54 2 1
github.com/SergioLacerda/strategist-skill/internal/handoff/outcome_store.go:191.3,192.1 1 1
github.com/SergioLacerda/strategist-skill/internal/handoff/outcome_store.go:193.2,193.50 1 1
github.com/SergioLacerda/strategist-skill/internal/handoff/outcome_store.go:194.3,195.1 1 1
github.com/SergioLacerda/strategist-skill/internal/handoff/outcome_store.go:196.2,196.21 1 1
github.com/SergioLacerda/strategist-skill/internal/handoff/package_digest.go:18.2,20.16 3 1
github.com/SergioLacerda/strategist-skill/internal/handoff/package_digest.go:21.3,22.1 1 1
github.com/SergioLacerda/strategist-skill/internal/handoff/package_digest.go:23.2,24.16 2 1
github.com/SergioLacerda/strategist-skill/internal/handoff/package_digest.go:25.3,26.1 1 0
github.com/SergioLacerda/strategist-skill/internal/handoff/package_digest.go:27.2,28.16 2 1
github.com/SergioLacerda/strategist-skill/internal/handoff/package_digest.go:29.3,30.1 1 0
github.com/SergioLacerda/strategist-skill/internal/handoff/package_digest.go:31.2,33.72 3 1
github.com/SergioLacerda/strategist-skill/internal/handoff/package_digest.go:34.3,35.17 2 1
github.com/SergioLacerda/strategist-skill/internal/handoff/package_digest.go:36.4,37.1 1 1
github.com/SergioLacerda/strategist-skill/internal/handoff/package_digest.go:38.3,38.39 1 1
github.com/SergioLacerda/strategist-skill/internal/handoff/package_digest.go:40.2,40.53 1 1
github.com/SergioLacerda/strategist-skill/internal/handoff/package_digest.go:44.2,46.1 2 1
github.com/SergioLacerda/strategist-skill/internal/handoff/policy.go:60.2,82.1 1 1
github.com/SergioLacerda/strategist-skill/internal/handoff/policy.go:92.2,99.1 1 1
github.com/SergioLacerda/strategist-skill/internal/handoff/policy.go:107.2,114.1 1 1
github.com/SergioLacerda/strategist-skill/internal/handoff/policy.go:119.2,122.28 1 1
github.com/SergioLacerda/strategist-skill/internal/handoff/policy.go:123.3,124.1 1 1
github.com/SergioLacerda/strategist-skill/internal/handoff/policy.go:125.2,131.26 1 1
github.com/SergioLacerda/strategist-skill/internal/handoff/policy.go:136.2,136.23 1 1
github.com/SergioLacerda/strategist-skill/internal/handoff/policy.go:137.3,138.1 1 1
github.com/SergioLacerda/strategist-skill/internal/handoff/policy.go:139.2,139.22 1 1
github.com/SergioLacerda/strategist-skill/internal/handoff/policy.go:168.2,168.19 1 1
github.com/SergioLacerda/strategist-skill/internal/handoff/policy.go:170.3,174.1 1 1
github.com/SergioLacerda/strategist-skill/internal/handoff/policy.go:176.3,176.56 1 1
github.com/SergioLacerda/strategist-skill/internal/handoff/policy.go:178.3,178.46 1 1
github.com/SergioLacerda/strategist-skill/internal/handoff/policy.go:180.3,180.23 1 1
github.com/SergioLacerda/strategist-skill/internal/handoff/policy_risk_gate.go:27.2,27.20 1 1
github.com/SergioLacerda/strategist-skill/internal/handoff/policy_risk_gate.go:29.3,29.218 1 1
github.com/SergioLacerda/strategist-skill/internal/handoff/policy_risk_gate.go:31.3,31.68 1 1
github.com/SergioLacerda/strategist-skill/internal/handoff/policy_risk_gate.go:33.3,33.69 1 1
github.com/SergioLacerda/strategist-skill/internal/handoff/policy_risk_gate.go:35.3,36.103 1 1
github.com/SergioLacerda/strategist-skill/internal/handoff/policy_risk_gate.go:47.2,47.59 1 1
github.com/SergioLacerda/strategist-skill/internal/handoff/policy_risk_gate.go:48.3,49.1 1 1
github.com/SergioLacerda/strategist-skill/internal/handoff/policy_risk_gate.go:50.3,51.1 1 0
github.com/SergioLacerda/strategist-skill/internal/handoff/policy_risk_gate.go:52.2,52.19 1 1
github.com/SergioLacerda/strategist-skill/internal/handoff/policy_risk_gate.go:53.3,54.1 1 1
github.com/SergioLacerda/strategist-skill/internal/handoff/policy_risk_gate.go:55.2,55.13 1 1
github.com/SergioLacerda/strategist-skill/internal/handoff/policy_risk_gate.go:59.2,59.54 1 1
github.com/SergioLacerda/strategist-skill/internal/handoff/policy_risk_gate.go:60.3,61.1 1 1
github.com/SergioLacerda/strategist-skill/internal/handoff/policy_risk_gate.go:62.2,62.78 1 1
github.com/SergioLacerda/strategist-skill/internal/handoff/policy_risk_gate.go:63.3,64.1 1 1
github.com/SergioLacerda/strategist-skill/internal/handoff/policy_risk_gate.go:65.2,65.23 1 1
github.com/SergioLacerda/strategist-skill/internal/handoff/policy_risk_gate.go:69.2,69.39 1 1
github.com/SergioLacerda/strategist-skill/internal/handoff/policy_risk_gate.go:70.3,70.43 1 1
github.com/SergioLacerda/strategist-skill/internal/handoff/policy_risk_gate.go:71.4,72.1 1 1
github.com/SergioLacerda/strategist-skill/internal/handoff/policy_risk_gate.go:74.2,74.14 1 1
github.com/SergioLacerda/strategist-skill/internal/handoff/policy_risk_gate.go:78.2,78.39 1 1
github.com/SergioLacerda/strategist-skill/internal/handoff/policy_risk_gate.go:79.3,79.44 1 1
github.com/SergioLacerda/strategist-skill/internal/handoff/policy_risk_gate.go:80.4,81.1 1 1
github.com/SergioLacerda/strategist-skill/internal/handoff/policy_risk_gate.go:83.2,83.13 1 1
github.com/SergioLacerda/strategist-skill/internal/handoff/policy_risk_gate.go:87.2,87.19 1 1
github.com/SergioLacerda/strategist-skill/internal/handoff/policy_risk_gate.go:89.3,89.45 1 1
github.com/SergioLacerda/strategist-skill/internal/handoff/policy_risk_gate.go:91.3,91.44 1 1
github.com/SergioLacerda/strategist-skill/internal/handoff/policy_risk_gate.go:93.3,93.39 1 1
github.com/SergioLacerda/strategist-skill/internal/handoff/policy_risk_gate.go:95.3,95.46 1 1
github.com/SergioLacerda/strategist-skill/internal/handoff/policy_risk_gate.go:97.3,97.46 1 1
github.com/SergioLacerda/strategist-skill/internal/handoff/policy_risk_gate.go:99.3,99.39 1 1
github.com/SergioLacerda/strategist-skill/internal/handoff/policy_risk_gate.go:101.3,101.35 1 1
github.com/SergioLacerda/strategist-skill/internal/handoff/policy_risk_gate.go:103.3,103.46 1 1
github.com/SergioLacerda/strategist-skill/internal/handoff/policy_risk_gate.go:105.3,105.45 1 1
github.com/SergioLacerda/strategist-skill/internal/handoff/policy_risk_gate.go:107.3,107.40 1 1
github.com/SergioLacerda/strategist-skill/internal/handoff/policy_risk_gate.go:109.3,109.15 1 1
github.com/SergioLacerda/strategist-skill/internal/handoff/policy_signals.go:16.2,18.21 3 1
github.com/SergioLacerda/strategist-skill/internal/handoff/policy_signals.go:19.3,20.1 1 1
github.com/SergioLacerda/strategist-skill/internal/handoff/policy_signals.go:21.2,21.15 1 1
github.com/SergioLacerda/strategist-skill/internal/handoff/policy_signals.go:28.2,35.1 5 1
github.com/SergioLacerda/strategist-skill/internal/handoff/policy_signals.go:36.2,37.1 5 1
github.com/SergioLacerda/strategist-skill/internal/handoff/policy_signals.go:40.2,41.39 2 1
github.com/SergioLacerda/strategist-skill/internal/handoff/policy_signals.go:42.3,43.1 1 1
github.com/SergioLacerda/strategist-skill/internal/handoff/policy_signals.go:44.2,44.33 1 1
github.com/SergioLacerda/strategist-skill/internal/handoff/signals.go:31.2,31.69 1 1
github.com/SergioLacerda/strategist-skill/internal/handoff/signals.go:32.3,33.1 1 0
github.com/SergioLacerda/strategist-skill/internal/handoff/signals.go:34.2,35.16 2 1
github.com/SergioLacerda/strategist-skill/internal/handoff/signals.go:36.3,37.1 1 1
github.com/SergioLacerda/strategist-skill/internal/handoff/signals.go:38.2,39.16 2 1
github.com/SergioLacerda/strategist-skill/internal/handoff/signals.go:40.3,41.1 1 0
github.com/SergioLacerda/strategist-skill/internal/handoff/signals.go:42.2,43.55 2 1
github.com/SergioLacerda/strategist-skill/internal/handoff/signals.go:44.3,45.1 1 1
github.com/SergioLacerda/strategist-skill/internal/handoff/signals.go:46.2,46.61 1 1
github.com/SergioLacerda/strategist-skill/internal/handoff/signals.go:47.3,48.1 1 1
github.com/SergioLacerda/strategist-skill/internal/handoff/signals.go:49.2,49.61 1 1
github.com/SergioLacerda/strategist-skill/internal/handoff/signals.go:50.3,51.1 1 1
github.com/SergioLacerda/strategist-skill/internal/handoff/signals.go:52.2,52.23 1 1
github.com/SergioLacerda/strategist-skill/internal/handoff/signals.go:56.2,57.16 2 1
github.com/SergioLacerda/strategist-skill/internal/handoff/signals.go:58.3,59.1 1 1
github.com/SergioLacerda/strategist-skill/internal/handoff/signals.go:60.2,61.16 2 1
github.com/SergioLacerda/strategist-skill/internal/handoff/signals.go:62.3,63.1 1 0
github.com/SergioLacerda/strategist-skill/internal/handoff/signals.go:64.2,64.38 1 1
github.com/SergioLacerda/strategist-skill/internal/handoff/signals.go:68.2,70.1 2 1
github.com/SergioLacerda/strategist-skill/internal/handoff/signals.go:73.2,75.41 3 1
github.com/SergioLacerda/strategist-skill/internal/handoff/signals.go:76.3,77.1 1 1
github.com/SergioLacerda/strategist-skill/internal/handoff/signals.go:78.2,78.40 1 1
github.com/SergioLacerda/strategist-skill/internal/handoff/signals.go:79.3,80.1 1 1
github.com/SergioLacerda/strategist-skill/internal/handoff/signals.go:81.2,81.35 1 1
github.com/SergioLacerda/strategist-skill/internal/handoff/signals.go:82.3,83.1 1 1
github.com/SergioLacerda/strategist-skill/internal/handoff/signals.go:84.2,84.41 1 1
github.com/SergioLacerda/strategist-skill/internal/handoff/signals.go:85.3,86.1 1 1
github.com/SergioLacerda/strategist-skill/internal/handoff/signals.go:87.2,87.34 1 1
github.com/SergioLacerda/strategist-skill/internal/handoff/signals.go:88.3,89.1 1 1
github.com/SergioLacerda/strategist-skill/internal/handoff/signals.go:90.2,90.10 1 1
github.com/SergioLacerda/strategist-skill/internal/handoff/signals.go:96.2,96.31 1 1
github.com/SergioLacerda/strategist-skill/internal/handoff/signals.go:97.3,98.1 1 1
github.com/SergioLacerda/strategist-skill/internal/handoff/signals.go:99.2,99.27 1 1
github.com/SergioLacerda/strategist-skill/internal/handoff/signals.go:100.3,101.1 1 1
github.com/SergioLacerda/strategist-skill/internal/handoff/signals.go:102.2,103.12 2 1
github.com/SergioLacerda/strategist-skill/internal/handoff/signals.go:109.2,110.19 2 1
github.com/SergioLacerda/strategist-skill/internal/handoff/signals.go:112.3,112.13 1 1
github.com/SergioLacerda/strategist-skill/internal/handoff/signals.go:114.3,114.108 1 1
github.com/SergioLacerda/strategist-skill/internal/handoff/signals.go:116.3,117.96 2 1
github.com/SergioLacerda/strategist-skill/internal/handoff/signals.go:119.3,119.92 1 1
github.com/SergioLacerda/strategist-skill/internal/handoff/signals.go:121.2,122.12 2 1
github.com/SergioLacerda/strategist-skill/internal/handoff/signals.go:128.2,128.58 1 1
github.com/SergioLacerda/strategist-skill/internal/handoff/signals.go:129.3,130.38 2 1
github.com/SergioLacerda/strategist-skill/internal/handoff/signals.go:131.4,131.12 1 1
github.com/SergioLacerda/strategist-skill/internal/handoff/signals.go:133.3,133.122 1 1
github.com/SergioLacerda/strategist-skill/internal/handoff/signals.go:134.4,135.1 1 1
github.com/SergioLacerda/strategist-skill/internal/handoff/signals.go:137.2,137.18 1 1
github.com/SergioLacerda/strategist-skill/internal/handoff/signals.go:141.2,142.35 2 1
github.com/SergioLacerda/strategist-skill/internal/handoff/signals.go:143.3,143.59 1 1
github.com/SergioLacerda/strategist-skill/internal/handoff/signals.go:144.4,145.1 1 1
github.com/SergioLacerda/strategist-skill/internal/handoff/signals.go:147.2,147.21 1 1
github.com/SergioLacerda/strategist-skill/internal/handoff/verify.go:14.2,14.47 1 1
github.com/SergioLacerda/strategist-skill/internal/handoff/verify.go:15.3,16.1 1 1
github.com/SergioLacerda/strategist-skill/internal/handoff/verify.go:17.2,17.21 1 1
github.com/SergioLacerda/strategist-skill/internal/handoff/verify.go:18.3,19.1 1 1
github.com/SergioLacerda/strategist-skill/internal/handoff/verify.go:21.2,27.1 8 1
github.com/SergioLacerda/strategist-skill/internal/handoff/verify.go:28.2,30.76 8 1
github.com/SergioLacerda/strategist-skill/internal/handoff/verify.go:31.3,34.1 3 1
github.com/SergioLacerda/strategist-skill/internal/handoff/verify.go:35.2,35.15 1 1
github.com/SergioLacerda/strategist-skill/internal/handoff/verify.go:41.2,43.18 2 1
github.com/SergioLacerda/strategist-skill/internal/handoff/verify.go:44.3,45.1 1 1
github.com/SergioLacerda/strategist-skill/internal/handoff/verify.go:46.2,57.1 1 1
github.com/SergioLacerda/strategist-skill/internal/handoff/verify.go:61.2,62.32 2 1
github.com/SergioLacerda/strategist-skill/internal/handoff/verify.go:63.3,64.1 1 1
github.com/SergioLacerda/strategist-skill/internal/handoff/verify.go:65.2,66.31 2 1
github.com/SergioLacerda/strategist-skill/internal/handoff/verify.go:67.3,67.20 1 1
github.com/SergioLacerda/strategist-skill/internal/handoff/verify.go:68.4,69.1 1 1
github.com/SergioLacerda/strategist-skill/internal/handoff/verify.go:71.2,71.16 1 1
github.com/SergioLacerda/strategist-skill/internal/handoff/verify.go:75.2,78.32 4 1
github.com/SergioLacerda/strategist-skill/internal/handoff/verify.go:79.3,80.1 1 1
github.com/SergioLacerda/strategist-skill/internal/handoff/verify.go:81.2,81.16 1 1
github.com/SergioLacerda/strategist-skill/internal/handoff/verify.go:85.2,86.27 2 1
github.com/SergioLacerda/strategist-skill/internal/handoff/verify.go:87.3,88.1 1 1
github.com/SergioLacerda/strategist-skill/internal/handoff/verify.go:89.2,89.12 1 1
github.com/SergioLacerda/strategist-skill/internal/handoff/verify.go:96.2,96.27 1 1
github.com/SergioLacerda/strategist-skill/internal/handoff/verify.go:97.3,97.35 1 1
github.com/SergioLacerda/strategist-skill/internal/handoff/verify.go:98.4,98.12 1 1
github.com/SergioLacerda/strategist-skill/internal/handoff/verify.go:100.3,101.25 2 1
github.com/SergioLacerda/strategist-skill/internal/handoff/verify.go:103.2,103.16 1 1
github.com/SergioLacerda/strategist-skill/internal/handoff/verify.go:113.2,115.32 3 1
github.com/SergioLacerda/strategist-skill/internal/handoff/verify.go:116.3,116.56 1 1
github.com/SergioLacerda/strategist-skill/internal/handoff/verify.go:117.4,117.41 1 1
github.com/SergioLacerda/strategist-skill/internal/handoff/verify.go:118.5,118.13 1 1
github.com/SergioLacerda/strategist-skill/internal/handoff/verify.go:120.4,121.26 2 1
github.com/SergioLacerda/strategist-skill/internal/handoff/verify.go:124.2,124.12 1 1
github.com/SergioLacerda/strategist-skill/internal/handoff/verify.go:128.2,128.32 1 1
github.com/SergioLacerda/strategist-skill/internal/handoff/verify.go:129.3,129.36 1 1
github.com/SergioLacerda/strategist-skill/internal/handoff/verify.go:130.4,130.12 1 1
github.com/SergioLacerda/strategist-skill/internal/handoff/verify.go:132.3,132.52 1 1
github.com/SergioLacerda/strategist-skill/internal/handoff/verify.go:133.4,134.1 1 1
github.com/SergioLacerda/strategist-skill/internal/handoff/verify.go:136.2,136.14 1 1
github.com/SergioLacerda/strategist-skill/internal/handoff/verify.go:142.2,143.32 2 1
github.com/SergioLacerda/strategist-skill/internal/handoff/verify.go:144.3,144.77 1 1
github.com/SergioLacerda/strategist-skill/internal/handoff/verify.go:145.4,145.12 1 1
github.com/SergioLacerda/strategist-skill/internal/handoff/verify.go:147.3,148.50 2 1
github.com/SergioLacerda/strategist-skill/internal/handoff/verify.go:149.4,150.1 1 1
github.com/SergioLacerda/strategist-skill/internal/handoff/verify.go:152.2,152.19 1 1
github.com/SergioLacerda/strategist-skill/internal/handoff/verify.go:159.2,160.31 2 1
github.com/SergioLacerda/strategist-skill/internal/handoff/verify.go:161.3,161.66 1 1
github.com/SergioLacerda/strategist-skill/internal/handoff/verify.go:162.4,163.1 1 1
github.com/SergioLacerda/strategist-skill/internal/handoff/verify.go:165.2,165.19 1 1
github.com/SergioLacerda/strategist-skill/internal/handoff/verify.go:169.2,169.48 1 1
github.com/SergioLacerda/strategist-skill/internal/handoff/verify.go:170.3,171.1 1 1
github.com/SergioLacerda/strategist-skill/internal/handoff/verify.go:172.2,173.59 2 1
github.com/SergioLacerda/strategist-skill/internal/handoff/verify_policy_invalid.go:10.2,14.1 1 1
github.com/SergioLacerda/strategist-skill/internal/handoff/verify_policy_invalid.go:23.2,25.9 3 1
github.com/SergioLacerda/strategist-skill/internal/handoff/verify_policy_invalid.go:26.3,27.1 1 1
github.com/SergioLacerda/strategist-skill/internal/handoff/verify_policy_invalid.go:28.2,30.25 3 1
github.com/SergioLacerda/strategist-skill/internal/handoff/verify_policy_invalid.go:31.3,32.1 1 1
github.com/SergioLacerda/strategist-skill/internal/handoff/verify_policy_invalid.go:33.2,33.17 1 1
